/home/fmt073/work/Kettler/OG/alignment/ali_dna_N0.HOG0000016.ffn
/home/fmt073/work/Kettler/OG/alignment/ali_dna_N0.HOG0000028.ffn
/home/fmt073/work/Kettler/OG/alignment/ali_dna_N0.HOG0000029.ffn
/home/fmt073/work/Kettler/OG/alignment/ali_dna_N0.HOG0000038.ffn
/home/fmt073/work/Kettler/OG/alignment/ali_dna_N0.HOG0000042.ffn
/home/fmt073/work/Kettler/OG/alignment/ali_dna_N0.HOG0000053.ffn
/home/fmt073/work/Kettler/OG/alignment/ali_dna_N0.HOG0000089.ffn
/home/fmt073/work/Kettler/OG/alignment/ali_dna_N0.HOG0000096.ffn
/home/fmt073/work/Kettler/OG/alignment/ali_dna_N0.HOG0000132.ffn
/home/fmt073/work/Kettler/OG/alignment/ali_dna_N0.HOG0000162.ffn
/home/fmt073/work/Kettler/OG/alignment/ali_dna_N0.HOG0000165.ffn
/home/fmt073/work/Kettler/OG/alignment/ali_dna_N0.HOG0000179.ffn
/home/fmt073/work/Kettler/OG/alignment/ali_dna_N0.HOG0000181.ffn
/home/fmt073/work/Kettler/OG/alignment/ali_dna_N0.HOG0000184.ffn
/home/fmt073/work/Kettler/OG/alignment/ali_dna_N0.HOG0000195.ffn
/home/fmt073/work/Kettler/OG/alignment/ali_dna_N0.HOG0000199.ffn
/home/fmt073/work/Kettler/OG/alignment/ali_dna_N0.HOG0000202.ffn
/home/fmt073/work/Kettler/OG/alignment/ali_dna_N0.HOG0000204.ffn
/home/fmt073/work/Kettler/OG/alignment/ali_dna_N0.HOG0000205.ffn
/home/fmt073/work/Kettler/OG/alignment/ali_dna_N0.HOG0000206.ffn
/home/fmt073/work/Kettler/OG/alignment/ali_dna_N0.HOG0000221.ffn
/home/fmt073/work/Kettler/OG/alignment/ali_dna_N0.HOG0000227.ffn
/home/fmt073/work/Kettler/OG/alignment/ali_dna_N0.HOG0000228.ffn
/home/fmt073/work/Kettler/OG/alignment/ali_dna_N0.HOG0000236.ffn
/home/fmt073/work/Kettler/OG/alignment/ali_dna_N0.HOG0000238.ffn
/home/fmt073/work/Kettler/OG/alignment/ali_dna_N0.HOG0000239.ffn
/home/fmt073/work/Kettler/OG/alignment/ali_dna_N0.HOG0000242.ffn
/home/fmt073/work/Kettler/OG/alignment/ali_dna_N0.HOG0000245.ffn
/home/fmt073/work/Kettler/OG/alignment/ali_dna_N0.HOG0000247.ffn
/home/fmt073/work/Kettler/OG/alignment/ali_dna_N0.HOG0000248.ffn
/home/fmt073/work/Kettler/OG/alignment/ali_dna_N0.HOG0000249.ffn
/home/fmt073/work/Kettler/OG/alignment/ali_dna_N0.HOG0000255.ffn
/home/fmt073/work/Kettler/OG/alignment/ali_dna_N0.HOG0000256.ffn
/home/fmt073/work/Kettler/OG/alignment/ali_dna_N0.HOG0000258.ffn
/home/fmt073/work/Kettler/OG/alignment/ali_dna_N0.HOG0000259.ffn
/home/fmt073/work/Kettler/OG/alignment/ali_dna_N0.HOG0000260.ffn
/home/fmt073/work/Kettler/OG/alignment/ali_dna_N0.HOG0000265.ffn
/home/fmt073/work/Kettler/OG/alignment/ali_dna_N0.HOG0000266.ffn
/home/fmt073/work/Kettler/OG/alignment/ali_dna_N0.HOG0000267.ffn
/home/fmt073/work/Kettler/OG/alignment/ali_dna_N0.HOG0000268.ffn
/home/fmt073/work/Kettler/OG/alignment/ali_dna_N0.HOG0000269.ffn
/home/fmt073/work/Kettler/OG/alignment/ali_dna_N0.HOG0000270.ffn
/home/fmt073/work/Kettler/OG/alignment/ali_dna_N0.HOG0000272.ffn
/home/fmt073/work/Kettler/OG/alignment/ali_dna_N0.HOG0000274.ffn
/home/fmt073/work/Kettler/OG/alignment/ali_dna_N0.HOG0000275.ffn
/home/fmt073/work/Kettler/OG/alignment/ali_dna_N0.HOG0000276.ffn
/home/fmt073/work/Kettler/OG/alignment/ali_dna_N0.HOG0000277.ffn
/home/fmt073/work/Kettler/OG/alignment/ali_dna_N0.HOG0000278.ffn
/home/fmt073/work/Kettler/OG/alignment/ali_dna_N0.HOG0000279.ffn
/home/fmt073/work/Kettler/OG/alignment/ali_dna_N0.HOG0000280.ffn
/home/fmt073/work/Kettler/OG/alignment/ali_dna_N0.HOG0000281.ffn
/home/fmt073/work/Kettler/OG/alignment/ali_dna_N0.HOG0000282.ffn
/home/fmt073/work/Kettler/OG/alignment/ali_dna_N0.HOG0000283.ffn
/home/fmt073/work/Kettler/OG/alignment/ali_dna_N0.HOG0000284.ffn
/home/fmt073/work/Kettler/OG/alignment/ali_dna_N0.HOG0000285.ffn
/home/fmt073/work/Kettler/OG/alignment/ali_dna_N0.HOG0000286.ffn
/home/fmt073/work/Kettler/OG/alignment/ali_dna_N0.HOG0000287.ffn
/home/fmt073/work/Kettler/OG/alignment/ali_dna_N0.HOG0000289.ffn
/home/fmt073/work/Kettler/OG/alignment/ali_dna_N0.HOG0000290.ffn
/home/fmt073/work/Kettler/OG/alignment/ali_dna_N0.HOG0000291.ffn
/home/fmt073/work/Kettler/OG/alignment/ali_dna_N0.HOG0000292.ffn
/home/fmt073/work/Kettler/OG/alignment/ali_dna_N0.HOG0000293.ffn
/home/fmt073/work/Kettler/OG/alignment/ali_dna_N0.HOG0000294.ffn
/home/fmt073/work/Kettler/OG/alignment/ali_dna_N0.HOG0000299.ffn
/home/fmt073/work/Kettler/OG/alignment/ali_dna_N0.HOG0000301.ffn
/home/fmt073/work/Kettler/OG/alignment/ali_dna_N0.HOG0000303.ffn
/home/fmt073/work/Kettler/OG/alignment/ali_dna_N0.HOG0000304.ffn
/home/fmt073/work/Kettler/OG/alignment/ali_dna_N0.HOG0000305.ffn
/home/fmt073/work/Kettler/OG/alignment/ali_dna_N0.HOG0000306.ffn
/home/fmt073/work/Kettler/OG/alignment/ali_dna_N0.HOG0000308.ffn
/home/fmt073/work/Kettler/OG/alignment/ali_dna_N0.HOG0000309.ffn
/home/fmt073/work/Kettler/OG/alignment/ali_dna_N0.HOG0000310.ffn
/home/fmt073/work/Kettler/OG/alignment/ali_dna_N0.HOG0000311.ffn
/home/fmt073/work/Kettler/OG/alignment/ali_dna_N0.HOG0000313.ffn
/home/fmt073/work/Kettler/OG/alignment/ali_dna_N0.HOG0000314.ffn
/home/fmt073/work/Kettler/OG/alignment/ali_dna_N0.HOG0000315.ffn
/home/fmt073/work/Kettler/OG/alignment/ali_dna_N0.HOG0000316.ffn
/home/fmt073/work/Kettler/OG/alignment/ali_dna_N0.HOG0000317.ffn
/home/fmt073/work/Kettler/OG/alignment/ali_dna_N0.HOG0000319.ffn
/home/fmt073/work/Kettler/OG/alignment/ali_dna_N0.HOG0000321.ffn
/home/fmt073/work/Kettler/OG/alignment/ali_dna_N0.HOG0000322.ffn
/home/fmt073/work/Kettler/OG/alignment/ali_dna_N0.HOG0000324.ffn
/home/fmt073/work/Kettler/OG/alignment/ali_dna_N0.HOG0000325.ffn
/home/fmt073/work/Kettler/OG/alignment/ali_dna_N0.HOG0000326.ffn
/home/fmt073/work/Kettler/OG/alignment/ali_dna_N0.HOG0000327.ffn
/home/fmt073/work/Kettler/OG/alignment/ali_dna_N0.HOG0000328.ffn
/home/fmt073/work/Kettler/OG/alignment/ali_dna_N0.HOG0000330.ffn
/home/fmt073/work/Kettler/OG/alignment/ali_dna_N0.HOG0000331.ffn
