/home/fmt073/work/Kettler/OG/alignment/ali_dna_N0.HOG0000016.ffn
/home/fmt073/work/Kettler/OG/alignment/ali_dna_N0.HOG0000028.ffn
/home/fmt073/work/Kettler/OG/alignment/ali_dna_N0.HOG0000029.ffn
/home/fmt073/work/Kettler/OG/alignment/ali_dna_N0.HOG0000038.ffn
/home/fmt073/work/Kettler/OG/alignment/ali_dna_N0.HOG0000042.ffn
/home/fmt073/work/Kettler/OG/alignment/ali_dna_N0.HOG0000053.ffn
/home/fmt073/work/Kettler/OG/alignment/ali_dna_N0.HOG0000089.ffn
/home/fmt073/work/Kettler/OG/alignment/ali_dna_N0.HOG0000096.ffn
/home/fmt073/work/Kettler/OG/alignment/ali_dna_N0.HOG0000132.ffn
/home/fmt073/work/Kettler/OG/alignment/ali_dna_N0.HOG0000162.ffn
/home/fmt073/work/Kettler/OG/alignment/ali_dna_N0.HOG0000165.ffn
/home/fmt073/work/Kettler/OG/alignment/ali_dna_N0.HOG0000179.ffn
/home/fmt073/work/Kettler/OG/alignment/ali_dna_N0.HOG0000181.ffn
/home/fmt073/work/Kettler/OG/alignment/ali_dna_N0.HOG0000184.ffn
/home/fmt073/work/Kettler/OG/alignment/ali_dna_N0.HOG0000195.ffn
/home/fmt073/work/Kettler/OG/alignment/ali_dna_N0.HOG0000199.ffn
/home/fmt073/work/Kettler/OG/alignment/ali_dna_N0.HOG0000202.ffn
/home/fmt073/work/Kettler/OG/alignment/ali_dna_N0.HOG0000204.ffn
/home/fmt073/work/Kettler/OG/alignment/ali_dna_N0.HOG0000205.ffn
/home/fmt073/work/Kettler/OG/alignment/ali_dna_N0.HOG0000206.ffn
/home/fmt073/work/Kettler/OG/alignment/ali_dna_N0.HOG0000221.ffn
/home/fmt073/work/Kettler/OG/alignment/ali_dna_N0.HOG0000227.ffn
/home/fmt073/work/Kettler/OG/alignment/ali_dna_N0.HOG0000228.ffn
/home/fmt073/work/Kettler/OG/alignment/ali_dna_N0.HOG0000236.ffn
/home/fmt073/work/Kettler/OG/alignment/ali_dna_N0.HOG0000238.ffn
/home/fmt073/work/Kettler/OG/alignment/ali_dna_N0.HOG0000239.ffn
/home/fmt073/work/Kettler/OG/alignment/ali_dna_N0.HOG0000242.ffn
/home/fmt073/work/Kettler/OG/alignment/ali_dna_N0.HOG0000245.ffn
/home/fmt073/work/Kettler/OG/alignment/ali_dna_N0.HOG0000247.ffn
/home/fmt073/work/Kettler/OG/alignment/ali_dna_N0.HOG0000248.ffn
/home/fmt073/work/Kettler/OG/alignment/ali_dna_N0.HOG0000249.ffn
/home/fmt073/work/Kettler/OG/alignment/ali_dna_N0.HOG0000255.ffn
